Setting parameter time_limit to 8.993478e+02
Setting parameter mip_relative_gap to 1.000000e-03
Setting parameter random_seed to 0
Setting parameter log_to_console to true
cuOpt version: 26.6.0, git hash: df5fe0d1, host arch: aarch64, device archs: 75-real,80-real,86-real,90a-real,100f-real,120a-real,120
CPU: Unknown, threads (physical/logical): 1/20, RAM: 107.76 GiB
CUDA 13.0, device: NVIDIA GB10 (ID 0), VRAM: 121.69 GiB
CUDA device UUID: 9041e1da-22a0-b23a-76f1-06935470d0de

Solving a problem with 8788 constraints, 9220 variables (432 integers), and 26774 nonzeros
Problem scaling:
Objective coefficents range:          [4e+02, 9e+03]
Constraint matrix coefficients range: [7e-04, 6e+00]
Constraint rhs / bounds range:        [0e+00, 3e+00]
Variable bounds range:                [1e-03, 4e+01]

MIP row scaling completed
Free variable found! Make sure the correct bounds are given.
Free variable found! Make sure the correct bounds are given.
Original problem: 8788 constraints, 9220 variables, 26774 nonzeros
Calling Papilo presolver (git hash 741a2b9c)
Presolve status: reduced the problem
Presolve removed: 3994 constraints, 3998 variables, 8875 nonzeros
Presolved problem: 4794 constraints, 5222 variables (430 integer), 17899 nonzeros
Papilo presolve time: 0.25
Objective offset 0.000000 scaling_factor 1.000000
Model fingerprint: 0x5c76f924
Starting cuOpt presolve
Running probing cache with 19 tasks
After cuOpt presolve: 4794 constraints, 5222 variables, objective offset 0.000000.
cuOpt presolve time: 0.57
Graph construction time 0.001340
Automorphism group size 1.98479*10^90, 206 dejavu generators (14 move variables)
Dejavu time 0.003687
Projected 14 generators onto 5222 binary variables (192 skipped non-binary), 14 stored
Binary orbits: 8 non-trivial, max size 4, 22/5222 (0.4%) binary variables in orbits
Orbit histogram (size: count):
 2:4
 3:2
 4:2


Total symmetry detection time 0.005043
Probing implied bounds: 368 zero entries, 368 one entries
Reduced cost strengthening enabled: 2
27262 variable upper bounds in 0.00 seconds
20962 variable lower bounds in 0.00 seconds

Solving LP root relaxation in concurrent mode
Skipping column scaling
Dual Simplex Phase 1
Dual feasible solution found.
Dual Simplex Phase 2
 Iter     Objective           Num Inf.  Sum Inf.     Perturb  Time
    0 +0.0000000000000000e+00    1593 1.85542666e+05 0.00e+00 1.08
    1 +0.0000000000000000e+00    1592 1.73650446e+05 0.00e+00 1.08
 1000 +2.6596746948372027e+04    1404 1.20446842e+06 0.00e+00 1.10
 2000 +5.6198393588905681e+04    1481 3.42901442e+07 0.00e+00 1.19
 3000 +1.4081012294588392e+05    2684 4.84716237e+06 0.00e+00 1.26
 4000 +2.4637559023888543e+05    3973 7.40770226e+15 0.00e+00 1.33
 5000 +2.9463046289858577e+05    2621 3.01604779e+04 0.00e+00 1.44
 6000 +3.9942264342128346e+05    1406 2.22097989e+03 0.00e+00 1.54
 7000 +4.5113785387666896e+05     385 3.45062365e+01 0.00e+00 1.64
Removed perturbation of 2.14e-05.


Root relaxation solution found in 7366 iterations and 0.60s by Dual Simplex
Root relaxation objective +1.11829670e+06


 | Explored | Unexplored |    Objective    |     Bound     | IntInf | Depth | Iter/Node | Gap    |  Time  |
Strong branching using 19 threads and 1 fractional variables
Strong branching completed in 0.02s
Exploring the B&B tree using 19 threads

 | Explored | Unexplored |    Objective    |     Bound     | IntInf | Depth | Iter/Node |   Gap    |  Time  |
D        189          179    +1.118494e+06    +1.118297e+06        0     42   4.1e+01      0.02%      1.84
Explored 192 nodes in 1.84s.
Absolute Gap 1.964205e+02 Objective 1.1184935264852366e+06 Lower Bound 1.1182971059712931e+06
Optimal solution found within relative MIP gap tolerance (1.0e-03)
Solution objective: 1118493.526485 , relative_mip_gap 0.000176 solution_bound 1118297.105971 presolve_time 0.819019 total_solve_time 5.192783 max constraint violation 0.000000 max int violation 0.000000 max var bounds violation 0.000000 nodes 192 simplex_iterations 7724
Setting parameter time_limit to 8.926779e+02
Setting parameter mip_relative_gap to 1.000000e-03
Setting parameter random_seed to 0
Setting parameter log_to_console to true
cuOpt version: 26.6.0, git hash: df5fe0d1, host arch: aarch64, device archs: 75-real,80-real,86-real,90a-real,100f-real,120a-real,120
CPU: Unknown, threads (physical/logical): 1/20, RAM: 106.94 GiB
CUDA 13.0, device: NVIDIA GB10 (ID 0), VRAM: 121.69 GiB
CUDA device UUID: 9041e1da-22a0-b23a-76f1-06935470d0de

Solving a problem with 9137 constraints, 9220 variables (432 integers), and 27472 nonzeros
Problem scaling:
Objective coefficents range:          [4e+02, 9e+03]
Constraint matrix coefficients range: [4e-04, 6e+00]
Constraint rhs / bounds range:        [0e+00, 2e+01]
Variable bounds range:                [1e-03, 4e+01]

MIP row scaling completed
Presolve is disabled, skipping
Objective offset 0.000000 scaling_factor 1.000000
Model fingerprint: 0xc391b769
Free variable found! Make sure the correct bounds are given.
Unused variables detected, eliminating them! Unused var count 5
Starting cuOpt presolve
Running probing cache with 19 tasks
Unused variables detected, eliminating them! Unused var count 303
After cuOpt presolve: 8832 constraints, 10911 variables, objective offset 0.000000.
cuOpt presolve time: 0.86
Graph construction time 0.002226
Automorphism group size 8.73535*10^220, 617 dejavu generators (0 move variables)
Dejavu time 0.007562
Projected 0 generators onto 10911 binary variables (617 skipped non-binary), 0 stored
Total symmetry detection time 0.009802
No exploitable symmetry found (0 generators, 0 non-trivial orbits, max orbit size 0)
Probing implied bounds: 227 zero entries, 227 one entries
Reduced cost strengthening enabled: 2
10575 variable upper bounds in 0.00 seconds
4275 variable lower bounds in 0.00 seconds

Solving LP root relaxation in concurrent mode
Skipping column scaling
Dual Simplex Phase 1
Dual feasible solution found.
Dual Simplex Phase 2
 Iter     Objective           Num Inf.  Sum Inf.     Perturb  Time
    0 +0.0000000000000000e+00    4219 2.61186603e+05 0.00e+00 1.12
    1 +0.0000000000000000e+00    4219 2.51787437e+05 0.00e+00 1.12
 1000 +0.0000000000000000e+00    4102 1.18778498e+06 0.00e+00 1.15
 2000 +0.0000000000000000e+00    3647 9.20216990e+05 0.00e+00 1.22
 3000 +6.8414730808120361e+05    6172 1.72950208e+04 0.00e+00 1.25
 4000 +8.1574150731779239e+05    5748 7.75547261e+05 0.00e+00 1.33
Error cannot add the provided initial solution!     Assignment size 10911     initial solution size 9220
 5000 +8.2221503738665767e+05    5454 2.01460945e+07 0.00e+00 1.53
 6000 +8.2699697449977382e+05    4726 1.02589980e+06 1.22e-07 1.76
 7000 +8.5884446894397633e+05    4578 3.47695018e+07 0.00e+00 1.97
 8000 +8.9082273647765815e+05    2910 2.32445416e+08 0.00e+00 2.18
 9000 +9.1952947539987729e+05    1810 1.57910752e+06 0.00e+00 2.39
10000 +9.4079973666036641e+05     740 2.38040107e+06 0.00e+00 2.65
Removed perturbation of 9.78e-04.


Root relaxation solution found in 10767 iterations and 1.77s by Dual Simplex
Root relaxation objective +1.12757436e+06


 | Explored | Unexplored |    Objective    |     Bound     | IntInf | Depth | Iter/Node | Gap    |  Time  |
Barrier Solve status A numerical error was encountered.
           0            0             +inf    +1.127625e+06       17      0   1.1e+04        -        2.94
           0            0             +inf    +1.127758e+06       17      0   1.1e+04        -        2.99
           0            0             +inf    +1.127778e+06       16      0   1.1e+04        -        3.02
           0            0             +inf    +1.127876e+06       16      0   1.1e+04        -        3.06
           0            0             +inf    +1.128206e+06       16      0   1.1e+04        -        3.10
           0            0             +inf    +1.128569e+06       16      0   1.1e+04        -        3.14
           0            0             +inf    +1.129472e+06       15      0   1.1e+04        -        3.18
Gomory         cuts : 1
MIR            cuts : 10
Knapsack       cuts : 0
Strong CG      cuts : 0
Clique         cuts : 0
Implied Bounds cuts : 0
Flow Cover     cuts : 0
Cut generation time: 0.31 seconds
Cut pool size  : 21
Size with cuts : 8835 constraints, 19746 variables, 42024 nonzeros
Strong branching using 19 threads and 15 fractional variables
Strong branching completed in 0.11s
Exploring the B&B tree using 19 threads

 | Explored | Unexplored |    Objective    |     Bound     | IntInf | Depth | Iter/Node |   Gap    |  Time  |
D         69           53    +1.157239e+06    +1.129641e+06        0    151   2.3e+02       2.4%      4.31
D        493          381    +1.154939e+06    +1.130712e+06        0    116   5.5e+01       2.1%      5.64
D        608          469    +1.154923e+06    +1.130712e+06        0    154   4.6e+01       2.1%      5.80
D        632          491    +1.132596e+06    +1.130712e+06        0    147   4.5e+01       0.2%      5.83
        1004          400    +1.132596e+06    +1.130858e+06       11     16   3.2e+01       0.2%      6.54
        2023         1019    +1.132596e+06    +1.130874e+06        3     59   2.0e+01       0.2%      7.96
        3037         1567    +1.132596e+06    +1.130875e+06       10     50   1.6e+01       0.2%      9.38
        4046         2170    +1.132596e+06    +1.130875e+06       11     18   1.4e+01       0.2%     10.75
        5046         2722    +1.132596e+06    +1.130875e+06        9     35   1.3e+01       0.2%     12.24
        6058         3302    +1.132596e+06    +1.130880e+06        8     50   1.3e+01       0.2%     13.63
        7068         3868    +1.132596e+06    +1.130880e+06        9     49   1.2e+01       0.2%     14.99
        8068         4452    +1.132596e+06    +1.130880e+06       10     34   1.2e+01       0.2%     16.20
        9117         5079    +1.132596e+06    +1.130880e+06       10     23   1.1e+01       0.2%     17.50
       10131         5677    +1.132596e+06    +1.130880e+06       11     25   1.1e+01       0.2%     18.73
       11142         6294    +1.132596e+06    +1.130880e+06        6     63   1.0e+01       0.2%     20.01
       12145         6873    +1.132596e+06    +1.130880e+06       11     20   1.0e+01       0.2%     21.48
       13145         7409    +1.132596e+06    +1.130880e+06        8     41   1.0e+01       0.2%     22.99
       14151         8011    +1.132596e+06    +1.130880e+06        9     26   9.9e+00       0.2%     24.53
       15164         8610    +1.132596e+06    +1.130880e+06        7     63   9.8e+00       0.2%     26.02
       16180         9216    +1.132596e+06    +1.130880e+06       10     21   9.7e+00       0.2%     27.58
       17184         9806    +1.132596e+06    +1.130880e+06        8     38   9.6e+00       0.2%     29.12
       18189        10401    +1.132596e+06    +1.130880e+06       10     30   9.6e+00       0.2%     30.75
       19197        11013    +1.132596e+06    +1.130882e+06        8     52   9.5e+00       0.2%     32.45
       20215        11653    +1.132596e+06    +1.130882e+06        7     60   9.5e+00       0.2%     34.18
       21221        12289    +1.132596e+06    +1.130882e+06        9     33   9.5e+00       0.2%     35.87
D      21318        12344    +1.132095e+06    +1.130882e+06        0    175   9.5e+00       0.1%     36.01
D      22031        12782    +1.131848e+06    +1.130882e+06        0    129   9.5e+00      0.09%     36.93
Explored 22039 nodes in 41.71s.
Absolute Gap 9.655856e+02 Objective 1.1318479914849338e+06 Lower Bound 1.1308824058991517e+06
Optimal solution found within relative MIP gap tolerance (1.0e-03)
Solution objective: 1131847.991485 , relative_mip_gap 0.000853 solution_bound 1130882.405899 presolve_time 0.858439 total_solve_time 41.711941 max constraint violation 0.000000 max int violation 0.000000 max var bounds violation 0.000000 nodes 22039 simplex_iterations 208706
Setting parameter time_limit to 8.507799e+02
Setting parameter mip_relative_gap to 1.000000e-03
Setting parameter random_seed to 0
Setting parameter log_to_console to true
cuOpt version: 26.6.0, git hash: df5fe0d1, host arch: aarch64, device archs: 75-real,80-real,86-real,90a-real,100f-real,120a-real,120
CPU: Unknown, threads (physical/logical): 1/20, RAM: 106.39 GiB
CUDA 13.0, device: NVIDIA GB10 (ID 0), VRAM: 121.69 GiB
CUDA device UUID: 9041e1da-22a0-b23a-76f1-06935470d0de

Solving a problem with 9151 constraints, 9220 variables (432 integers), and 27500 nonzeros
Problem scaling:
Objective coefficents range:          [4e+02, 9e+03]
Constraint matrix coefficients range: [4e-04, 6e+00]
Constraint rhs / bounds range:        [0e+00, 2e+01]
Variable bounds range:                [1e-03, 4e+01]

MIP row scaling completed
Presolve is disabled, skipping
Objective offset 0.000000 scaling_factor 1.000000
Model fingerprint: 0xaab53e9d
Free variable found! Make sure the correct bounds are given.
Unused variables detected, eliminating them! Unused var count 5
Starting cuOpt presolve
Running probing cache with 19 tasks
Unused variables detected, eliminating them! Unused var count 303
After cuOpt presolve: 8846 constraints, 10911 variables, objective offset 0.000000.
cuOpt presolve time: 0.88
Graph construction time 0.001774
Automorphism group size 8.73535*10^220, 617 dejavu generators (0 move variables)
Dejavu time 0.004626
Projected 0 generators onto 10911 binary variables (617 skipped non-binary), 0 stored
Total symmetry detection time 0.006415
No exploitable symmetry found (0 generators, 0 non-trivial orbits, max orbit size 0)
Probing implied bounds: 227 zero entries, 227 one entries
Reduced cost strengthening enabled: 2
10575 variable upper bounds in 0.00 seconds
4275 variable lower bounds in 0.00 seconds

Solving LP root relaxation in concurrent mode
Skipping column scaling
Dual Simplex Phase 1
Dual feasible solution found.
Dual Simplex Phase 2
 Iter     Objective           Num Inf.  Sum Inf.     Perturb  Time
    0 +0.0000000000000000e+00    4229 2.61209364e+05 0.00e+00 1.14
    1 +0.0000000000000000e+00    4229 2.51810198e+05 0.00e+00 1.14
 1000 +0.0000000000000000e+00    4106 9.42931277e+05 0.00e+00 1.17
 2000 +0.0000000000000000e+00    3620 8.01019118e+05 0.00e+00 1.24
 3000 +6.0666719652321644e+05    6000 1.19093356e+04 0.00e+00 1.27
 4000 +7.5691640099520492e+05    5662 5.44000845e+05 0.00e+00 1.34
Error cannot add the provided initial solution!     Assignment size 10911     initial solution size 9220
 5000 +7.6600114041042852e+05    5178 1.70340589e+05 1.80e-07 1.52
 6000 +7.6764907794476754e+05    4327 4.35426174e+05 1.30e-07 1.74
 7000 +8.0254077041011956e+05    3628 1.69786500e+07 0.00e+00 1.97
 8000 +8.4172736119075213e+05    3313 5.42270671e+09 0.00e+00 2.17
 9000 +8.7611461903978931e+05    2241 8.04124418e+09 0.00e+00 2.34
10000 +8.8843100535366475e+05     827 1.11253171e+06 0.00e+00 2.67
Removed perturbation of 8.60e-04.


Root relaxation solution found in 10632 iterations and 1.72s by Dual Simplex
Root relaxation objective +1.12852818e+06


 | Explored | Unexplored |    Objective    |     Bound     | IntInf | Depth | Iter/Node | Gap    |  Time  |
Barrier Solve status A numerical error was encountered.
           0            0             +inf    +1.128564e+06       21      0   1.1e+04        -        2.88
           0            0             +inf    +1.128696e+06       21      0   1.1e+04        -        2.94
           0            0             +inf    +1.128696e+06       20      0   1.1e+04        -        2.98
Gomory         cuts : 1
MIR            cuts : 3
Knapsack       cuts : 0
Strong CG      cuts : 0
Clique         cuts : 0
Implied Bounds cuts : 0
Flow Cover     cuts : 0
Cut generation time: 0.15 seconds
Cut pool size  : 5
Size with cuts : 8848 constraints, 19759 variables, 42070 nonzeros
Strong branching using 19 threads and 20 fractional variables
Strong branching completed in 0.10s
Exploring the B&B tree using 19 threads

 | Explored | Unexplored |    Objective    |     Bound     | IntInf | Depth | Iter/Node |   Gap    |  Time  |
D        171          161    +1.161442e+06    +1.128867e+06        0    178   1.1e+02       2.8%      4.43
D        290          248    +1.160203e+06    +1.128869e+06        0    221   1.0e+02       2.7%      4.93
D        701          599    +1.158555e+06    +1.128869e+06        0    138   5.6e+01       2.6%      5.58
D        755          642    +1.158555e+06    +1.128869e+06        0    139   5.3e+01       2.6%      5.66
D        878          745    +1.157854e+06    +1.128869e+06        0    130   4.8e+01       2.5%      5.83
        1005          846    +1.157854e+06    +1.128869e+06       12     47   4.3e+01       2.5%      5.96
D       1275         1050    +1.157366e+06    +1.128875e+06        0    136   3.6e+01       2.5%      6.31
D       1330         1095    +1.157366e+06    +1.128875e+06        0    137   3.6e+01       2.5%      6.38
D       1756         1417    +1.155220e+06    +1.128875e+06        0    230   3.0e+01       2.3%      6.96
        2007         1575    +1.155220e+06    +1.128880e+06       12     19   2.8e+01       2.3%      7.27
        3024         2330    +1.155220e+06    +1.128880e+06        9     91   2.2e+01       2.3%      8.38
B       3131         2395    +1.153860e+06    +1.128880e+06        0    126   2.2e+01       2.2%      8.54
        4038         3040    +1.153860e+06    +1.128887e+06       12     58   1.9e+01       2.2%      9.45
        5051         3717    +1.153860e+06    +1.128889e+06        5    109   1.7e+01       2.2%     10.49
        6091         4473    +1.153860e+06    +1.128894e+06        8     70   1.6e+01       2.2%     11.63
B       6219         4573    +1.153783e+06    +1.128894e+06        0    146   1.6e+01       2.2%     11.82
B       6299         4625    +1.153661e+06    +1.128894e+06        0    149   1.6e+01       2.1%     11.96
        7092         5240    +1.153661e+06    +1.128894e+06        8     85   1.5e+01       2.1%     13.01
B       7962         5798    +1.153635e+06    +1.128894e+06        0    153   1.5e+01       2.1%     14.18
        8095         5874    +1.153635e+06    +1.128894e+06       12     14   1.5e+01       2.1%     14.38
        9129         6604    +1.153635e+06    +1.128898e+06        9     93   1.4e+01       2.1%     15.55
       10131         7282    +1.153635e+06    +1.128898e+06        7     96   1.4e+01       2.1%     16.85
       11140         7967    +1.153635e+06    +1.128901e+06        9     71   1.4e+01       2.1%     18.13
       12143         8640    +1.153635e+06    +1.128901e+06        7    127   1.4e+01       2.1%     19.56
B      13103         9284    +1.150668e+06    +1.128907e+06        0    148   1.4e+01       1.9%     20.83
       13146         6842    +1.150668e+06    +1.128907e+06       14     13   1.4e+01       1.9%     20.90
       14149         7605    +1.150668e+06    +1.128907e+06        3    120   1.4e+01       1.9%     22.50
D      14187         7633    +1.137197e+06    +1.128907e+06        0    187   1.4e+01       0.7%     22.54
       15158         8230    +1.137197e+06    +1.128915e+06       14     24   1.3e+01       0.7%     24.01
       16190         8880    +1.137197e+06    +1.128915e+06       10     55   1.3e+01       0.7%     25.23
       17204         9512    +1.137197e+06    +1.128915e+06       11     32   1.3e+01       0.7%     26.45
       18217        10235    +1.137197e+06    +1.128915e+06       14     11   1.3e+01       0.7%     27.77
       19334        10964    +1.137197e+06    +1.130338e+06       12     27   1.2e+01       0.6%     29.06
       20364        11690    +1.137197e+06    +1.130340e+06       14      9   1.2e+01       0.6%     30.22
       21367        12379    +1.137197e+06    +1.130342e+06       12     27   1.2e+01       0.6%     31.38
       22396        13098    +1.137197e+06    +1.130344e+06       17     12   1.2e+01       0.6%     32.55
       23414        13790    +1.137197e+06    +1.130344e+06       13     34   1.2e+01       0.6%     33.67
       24441        14459    +1.137197e+06    +1.130375e+06       14     18   1.2e+01       0.6%     35.04
       25443        15145    +1.137197e+06    +1.130382e+06       10     56   1.2e+01       0.6%     36.26
D      25597        15231    +1.136729e+06    +1.130382e+06        0    259   1.2e+01       0.6%     36.45
D      26402        15823    +1.135512e+06    +1.130386e+06        0    185   1.2e+01       0.5%     37.37
       26451        15848    +1.135512e+06    +1.130387e+06       12     26   1.2e+01       0.5%     37.44
       27452        16479    +1.135512e+06    +1.130395e+06       12     20   1.2e+01       0.5%     38.65
       28462        17105    +1.135512e+06    +1.130395e+06        9     72   1.2e+01       0.5%     39.81
       29465        17758    +1.135512e+06    +1.130410e+06       13     45   1.2e+01       0.4%     40.99
       30471        18358    +1.135512e+06    +1.130410e+06       14     34   1.2e+01       0.4%     42.21
       31472        19025    +1.135512e+06    +1.130410e+06       12     45   1.2e+01       0.4%     43.55
       32479        19686    +1.135512e+06    +1.130419e+06        8     75   1.2e+01       0.4%     44.91
       33480        20339    +1.135512e+06    +1.130419e+06       12     46   1.2e+01       0.4%     46.27
       34501        21034    +1.135512e+06    +1.130419e+06       10     45   1.2e+01       0.4%     47.80
       35509        21684    +1.135512e+06    +1.130419e+06       10     60   1.2e+01       0.4%     49.31
       36510        22307    +1.135512e+06    +1.130419e+06        8     96   1.2e+01       0.4%     50.83
       37515        22970    +1.135512e+06    +1.130429e+06       12     55   1.2e+01       0.4%     52.42
       38516        23657    +1.135512e+06    +1.130429e+06       12     37   1.2e+01       0.4%     54.16
       39521        24390    +1.135512e+06    +1.130429e+06       12     60   1.2e+01       0.4%     55.79
       40534        25111    +1.135512e+06    +1.130430e+06        6     83   1.3e+01       0.4%     57.58
       41563        25818    +1.135512e+06    +1.130430e+06       10     72   1.3e+01       0.4%     59.36
       42568        26511    +1.135512e+06    +1.130432e+06        8     86   1.3e+01       0.4%     60.99
       43579        27182    +1.135512e+06    +1.130433e+06        9     73   1.3e+01       0.4%     62.70
       44590        27873    +1.135512e+06    +1.130433e+06       12     41   1.3e+01       0.4%     64.52
D      45373        28436    +1.134849e+06    +1.130443e+06        0    176   1.3e+01       0.4%     65.96
       45609        28599    +1.134849e+06    +1.130443e+06       11     71   1.3e+01       0.4%     66.40
D      45703        28665    +1.134407e+06    +1.130443e+06        0    223   1.3e+01       0.3%     66.57
D      46170        28994    +1.133621e+06    +1.130445e+06        0    217   1.3e+01       0.3%     67.35
       46613        29265    +1.133621e+06    +1.130449e+06       12     45   1.3e+01       0.3%     68.03
       47635        29877    +1.133621e+06    +1.130450e+06       12     57   1.3e+01       0.3%     69.65
D      47677        29901    +1.133621e+06    +1.130450e+06        0    217   1.3e+01       0.3%     69.72
       48684        30540    +1.133621e+06    +1.130451e+06       11     70   1.3e+01       0.3%     71.26
       49730        31192    +1.133621e+06    +1.130451e+06       10     68   1.3e+01       0.3%     72.87
       50732        31802    +1.133621e+06    +1.130454e+06       10     75   1.3e+01       0.3%     74.29
       51735        32443    +1.133621e+06    +1.130461e+06        9     76   1.3e+01       0.3%     75.67
       52741        33075    +1.133621e+06    +1.130461e+06        9     78   1.3e+01       0.3%     77.20
       53743        33713    +1.133621e+06    +1.130461e+06       11     71   1.3e+01       0.3%     78.73
       54753        34341    +1.133621e+06    +1.130461e+06       12     67   1.3e+01       0.3%     80.24
       55765        34989    +1.133621e+06    +1.130462e+06       11     59   1.4e+01       0.3%     81.80
       56783        35595    +1.133621e+06    +1.130466e+06       12     57   1.4e+01       0.3%     83.35
       57794        36244    +1.133621e+06    +1.130469e+06       11     72   1.4e+01       0.3%     84.83
       58803        36811    +1.133621e+06    +1.130469e+06       13     53   1.4e+01       0.3%     86.43
D      59191        37065    +1.133552e+06    +1.130469e+06        0    174   1.4e+01       0.3%     87.10
       59809        37437    +1.133552e+06    +1.130469e+06       12     50   1.4e+01       0.3%     88.06
       60809        38059    +1.133552e+06    +1.130469e+06       11     67   1.4e+01       0.3%     89.58
       61838        38702    +1.133552e+06    +1.130469e+06       13     47   1.4e+01       0.3%     91.13
       62840        39336    +1.133552e+06    +1.130472e+06       12     66   1.4e+01       0.3%     92.65
       63840        39982    +1.133552e+06    +1.130472e+06       11     66   1.4e+01       0.3%     94.18
       64847        40569    +1.133552e+06    +1.130472e+06       12     44   1.4e+01       0.3%     95.69
       65865        41185    +1.133552e+06    +1.130472e+06        7    103   1.4e+01       0.3%     97.17
       66872        41774    +1.133552e+06    +1.130472e+06       11     75   1.4e+01       0.3%     98.76
       67940        42414    +1.133552e+06    +1.130472e+06       13     65   1.4e+01       0.3%    100.38
       69019        43059    +1.133552e+06    +1.130472e+06       13     64   1.4e+01       0.3%    101.95
       70066        43688    +1.133552e+06    +1.130480e+06       13     66   1.4e+01       0.3%    103.54
       71091        44327    +1.133552e+06    +1.130485e+06       13     65   1.4e+01       0.3%    105.13
D      71289        44451    +1.133278e+06    +1.130485e+06        0    142   1.4e+01       0.2%    105.39
       72137        44945    +1.133278e+06    +1.130485e+06       12     58   1.4e+01       0.2%    106.77
       73158        45550    +1.133278e+06    +1.130485e+06       14     63   1.4e+01       0.2%    108.43
       74164        46164    +1.133278e+06    +1.130485e+06       12     69   1.4e+01       0.2%    109.94
       75208        46736    +1.133278e+06    +1.130485e+06       12     55   1.4e+01       0.2%    111.59
       76238        47358    +1.133278e+06    +1.130485e+06       12     61   1.5e+01       0.2%    113.34
       77239        47909    +1.133278e+06    +1.130485e+06       14     53   1.5e+01       0.2%    115.10
D      77518        48066    +1.133278e+06    +1.130485e+06        0    152   1.5e+01       0.2%    115.59
       78254        48472    +1.133278e+06    +1.130486e+06       13     58   1.5e+01       0.2%    116.81
D      78607        48641    +1.133278e+06    +1.130486e+06        0    143   1.5e+01       0.2%    117.35
       79255        49011    +1.133278e+06    +1.130486e+06        9     76   1.5e+01       0.2%    118.48
       80293        49667    +1.133278e+06    +1.130487e+06       10     64   1.5e+01       0.2%    120.29
       81304        50262    +1.133278e+06    +1.130487e+06        9     76   1.5e+01       0.2%    121.99
       82310        50886    +1.133278e+06    +1.130487e+06       11     53   1.5e+01       0.2%    123.75
       83310        51566    +1.133278e+06    +1.130487e+06       11     65   1.5e+01       0.2%    125.34
       84326        52242    +1.133278e+06    +1.130487e+06       11     76   1.5e+01       0.2%    127.06
       85336        52894    +1.133278e+06    +1.130487e+06       12     63   1.5e+01       0.2%    129.00
       86342        53544    +1.133278e+06    +1.130487e+06       11     69   1.5e+01       0.2%    130.66
       87366        54196    +1.133278e+06    +1.130487e+06       14     52   1.5e+01       0.2%    132.47
       88375        54799    +1.133278e+06    +1.130487e+06       10     73   1.5e+01       0.2%    134.16
       89378        55370    +1.133278e+06    +1.130487e+06       12     71   1.5e+01       0.2%    135.86
       90381        55931    +1.133278e+06    +1.130487e+06       11     76   1.5e+01       0.2%    137.49
       91382        56536    +1.133278e+06    +1.130487e+06       14     57   1.5e+01       0.2%    139.25
       92382        57126    +1.133278e+06    +1.130487e+06       12     51   1.5e+01       0.2%    141.08
D      92441        57155    +1.133278e+06    +1.130487e+06        0    150   1.5e+01       0.2%    141.20
       93391        57733    +1.133278e+06    +1.130487e+06       12     66   1.5e+01       0.2%    142.81
       94401        58353    +1.133278e+06    +1.130487e+06       11     61   1.5e+01       0.2%    144.52
       95405        58959    +1.133278e+06    +1.130487e+06        9     67   1.6e+01       0.2%    146.29
       96405        59631    +1.133278e+06    +1.130487e+06        9     78   1.6e+01       0.2%    148.11
       97416        60250    +1.133278e+06    +1.130487e+06       11     55   1.6e+01       0.2%    149.86
       98423        60895    +1.133278e+06    +1.130487e+06       12     57   1.6e+01       0.2%    151.51
       99430        61516    +1.133278e+06    +1.130487e+06        7     82   1.6e+01       0.2%    153.21
      100435        62143    +1.133278e+06    +1.130487e+06       10     71   1.6e+01       0.2%    154.77
      101446        62750    +1.133278e+06    +1.130487e+06       13     57   1.6e+01       0.2%    156.45
      102449        63337    +1.133278e+06    +1.130487e+06       12     64   1.6e+01       0.2%    158.04
D     103244        63852    +1.133127e+06    +1.130487e+06        0    145   1.6e+01       0.2%    159.18
      103461        63996    +1.133127e+06    +1.130487e+06       11     66   1.6e+01       0.2%    159.51
D     104255        64418    +1.133127e+06    +1.130487e+06        0    134   1.6e+01       0.2%    160.71
      104461        64518    +1.133127e+06    +1.130487e+06       14     48   1.6e+01       0.2%    161.05
      105462        65073    +1.133127e+06    +1.130489e+06       10     76   1.6e+01       0.2%    162.63
      106462        65689    +1.133127e+06    +1.130489e+06        8     91   1.6e+01       0.2%    164.04
      107466        66283    +1.133127e+06    +1.130491e+06       13     42   1.6e+01       0.2%    165.56
      108466        66897    +1.133127e+06    +1.130491e+06        8     78   1.6e+01       0.2%    167.19
      109467        67460    +1.133127e+06    +1.130491e+06       13     57   1.6e+01       0.2%    168.74
      110474        68035    +1.133127e+06    +1.130491e+06       11     62   1.6e+01       0.2%    170.23
      111483        68624    +1.133127e+06    +1.130491e+06       11     61   1.6e+01       0.2%    171.73
D     111976        68855    +1.133112e+06    +1.130491e+06        0    169   1.6e+01       0.2%    172.51
      112488        69159    +1.133112e+06    +1.130491e+06       11     79   1.6e+01       0.2%    173.33
      113489        69684    +1.133112e+06    +1.130492e+06        9     74   1.6e+01       0.2%    174.84
D     113646        69787    +1.133106e+06    +1.130492e+06        0    142   1.6e+01       0.2%    175.11
      114496        70269    +1.133106e+06    +1.130492e+06       11     70   1.6e+01       0.2%    176.41
      115498        70853    +1.133106e+06    +1.130492e+06       11     53   1.6e+01       0.2%    177.89
      116518        71469    +1.133106e+06    +1.130493e+06       12     62   1.6e+01       0.2%    179.52
      117518        72049    +1.133106e+06    +1.130493e+06       12     52   1.6e+01       0.2%    181.04
      118520        72633    +1.133106e+06    +1.130493e+06       13     55   1.6e+01       0.2%    182.51
D     119438        73167    +1.133106e+06    +1.130493e+06        0    171   1.6e+01       0.2%    184.01
      119523        73212    +1.133106e+06    +1.130493e+06       11     57   1.6e+01       0.2%    184.13
      120523        73732    +1.133106e+06    +1.130493e+06        9     84   1.6e+01       0.2%    185.73
      121524        74301    +1.133106e+06    +1.130493e+06       10     72   1.6e+01       0.2%    187.24
      122537        74846    +1.133106e+06    +1.130493e+06       11     72   1.6e+01       0.2%    188.87
      123541        75454    +1.133106e+06    +1.130493e+06       12     52   1.6e+01       0.2%    190.39
      124553        76024    +1.133106e+06    +1.130493e+06        9     65   1.6e+01       0.2%    192.03
      125563        76582    +1.133106e+06    +1.130493e+06       11     68   1.6e+01       0.2%    193.54
      126565        77160    +1.133106e+06    +1.130493e+06       12     64   1.6e+01       0.2%    195.02
      127570        77765    +1.133106e+06    +1.130493e+06       10     85   1.6e+01       0.2%    196.54
      128581        78384    +1.133106e+06    +1.130493e+06        7     84   1.6e+01       0.2%    198.11
      129591        78984    +1.133106e+06    +1.130493e+06       12     51   1.6e+01       0.2%    199.60
      130592        79579    +1.133106e+06    +1.130493e+06       13     50   1.6e+01       0.2%    201.19
      131598        80125    +1.133106e+06    +1.130493e+06       11     70   1.6e+01       0.2%    202.85
      132618        80719    +1.133106e+06    +1.130493e+06       10     73   1.6e+01       0.2%    204.47
      133618        81227    +1.133106e+06    +1.130493e+06        8     83   1.6e+01       0.2%    206.02
      134622        81799    +1.133106e+06    +1.130493e+06       12     46   1.6e+01       0.2%    207.58
      135623        82400    +1.133106e+06    +1.130493e+06        9     69   1.6e+01       0.2%    209.18
      136639        82964    +1.133106e+06    +1.130493e+06       12     47   1.6e+01       0.2%    210.68
      137640        83501    +1.133106e+06    +1.130493e+06       12     61   1.6e+01       0.2%    212.09
      138641        84074    +1.133106e+06    +1.130493e+06       13     65   1.6e+01       0.2%    213.69
      139646        84625    +1.133106e+06    +1.130493e+06       13     51   1.6e+01       0.2%    215.15
      140663        85212    +1.133106e+06    +1.130493e+06       11     70   1.6e+01       0.2%    216.69
      141666        85799    +1.133106e+06    +1.130493e+06       11     58   1.6e+01       0.2%    218.26
      142667        86380    +1.133106e+06    +1.130493e+06       10     88   1.6e+01       0.2%    219.75
      143677        86960    +1.133106e+06    +1.130493e+06       13     49   1.6e+01       0.2%    221.25
      144678        87559    +1.133106e+06    +1.130493e+06       12     51   1.6e+01       0.2%    222.71
      145694        88183    +1.133106e+06    +1.130493e+06       11     61   1.6e+01       0.2%    224.18
      146695        88774    +1.133106e+06    +1.130493e+06       14     52   1.6e+01       0.2%    225.66
      147702        89357    +1.133106e+06    +1.130493e+06       11     77   1.6e+01       0.2%    227.20
      148714        89945    +1.133106e+06    +1.130493e+06       13     58   1.6e+01       0.2%    228.71
      149723        90534    +1.133106e+06    +1.130493e+06       11     68   1.6e+01       0.2%    230.24
      150729        91128    +1.133106e+06    +1.130493e+06        9     86   1.6e+01       0.2%    231.74
      151742        91687    +1.133106e+06    +1.130493e+06       12     54   1.6e+01       0.2%    233.28
      152747        92212    +1.133106e+06    +1.130493e+06        9     74   1.6e+01       0.2%    234.74
      153748        92759    +1.133106e+06    +1.130493e+06       12     63   1.6e+01       0.2%    236.30
      154767        93334    +1.133106e+06    +1.130493e+06       12     59   1.6e+01       0.2%    237.88
      155779        93926    +1.133106e+06    +1.130493e+06       16     57   1.6e+01       0.2%    239.54
      156786        94531    +1.133106e+06    +1.130493e+06       14     43   1.6e+01       0.2%    241.29
      157803        95120    +1.133106e+06    +1.130493e+06        7     96   1.6e+01       0.2%    242.86
      158838        95749    +1.133106e+06    +1.130493e+06       13     58   1.6e+01       0.2%    244.44
      159841        96316    +1.133106e+06    +1.130493e+06       12     51   1.6e+01       0.2%    245.93
      160863        96860    +1.133106e+06    +1.130493e+06       10     54   1.6e+01       0.2%    247.44
      161908        97465    +1.133106e+06    +1.130493e+06       12     55   1.6e+01       0.2%    249.06
      162922        98035    +1.133106e+06    +1.130494e+06       10     57   1.6e+01       0.2%    250.73
      163922        98575    +1.133106e+06    +1.130494e+06        8     83   1.6e+01       0.2%    252.36
      164933        99216    +1.133106e+06    +1.130497e+06       11     61   1.6e+01       0.2%    253.81
      165939        99822    +1.133106e+06    +1.130498e+06       11     84   1.6e+01       0.2%    255.26
      166941       100394    +1.133106e+06    +1.130498e+06       12     72   1.6e+01       0.2%    256.79
      167965       100958    +1.133106e+06    +1.130498e+06       10     72   1.6e+01       0.2%    258.38
      168977       101534    +1.133106e+06    +1.130498e+06        8     72   1.6e+01       0.2%    259.88
      169986       102069    +1.133106e+06    +1.130501e+06       11     64   1.6e+01       0.2%    261.38
      170986       102671    +1.133106e+06    +1.130501e+06       12     60   1.6e+01       0.2%    262.83
      171990       103225    +1.133106e+06    +1.130501e+06       12     75   1.6e+01       0.2%    264.30
      172990       103793    +1.133106e+06    +1.130501e+06       13     64   1.6e+01       0.2%    265.74
      174000       104423    +1.133106e+06    +1.130501e+06       11     54   1.6e+01       0.2%    267.15
      175002       105009    +1.133106e+06    +1.130501e+06        9     85   1.6e+01       0.2%    268.63
      176004       105613    +1.133106e+06    +1.130501e+06       13     52   1.6e+01       0.2%    270.15
      177008       106183    +1.133106e+06    +1.130502e+06       12     53   1.6e+01       0.2%    271.62
D     177501       106490    +1.132940e+06    +1.130502e+06        0    192   1.6e+01       0.2%    272.34
      178008       106805    +1.132940e+06    +1.130502e+06       13     54   1.6e+01       0.2%    273.03
      179008       107409    +1.132940e+06    +1.130504e+06       10     72   1.6e+01       0.2%    274.60
      180009       108010    +1.132940e+06    +1.130504e+06       11     68   1.6e+01       0.2%    276.04
      181015       108608    +1.132940e+06    +1.130504e+06       11     49   1.6e+01       0.2%    277.54
      182015       109236    +1.132940e+06    +1.130504e+06       12     61   1.6e+01       0.2%    278.88
      183020       109823    +1.132940e+06    +1.130504e+06       15     56   1.6e+01       0.2%    280.28
      184032       110385    +1.132940e+06    +1.130505e+06       16     51   1.6e+01       0.2%    281.73
      185035       110970    +1.132940e+06    +1.130505e+06       13     62   1.6e+01       0.2%    283.22
      186041       111540    +1.132940e+06    +1.130505e+06        9     89   1.6e+01       0.2%    284.76
      187062       112115    +1.132940e+06    +1.130505e+06       11     77   1.6e+01       0.2%    286.26
      188063       112664    +1.132940e+06    +1.130505e+06        8     83   1.6e+01       0.2%    287.75
      189067       113268    +1.132940e+06    +1.130505e+06        9     79   1.6e+01       0.2%    289.16
      190067       113844    +1.132940e+06    +1.130505e+06       12     60   1.6e+01       0.2%    290.61
      191070       114463    +1.132940e+06    +1.130505e+06        8     88   1.6e+01       0.2%    291.99
      192070       115041    +1.132940e+06    +1.130508e+06       12     49   1.6e+01       0.2%    293.38
      193078       115621    +1.132940e+06    +1.130509e+06       14     58   1.6e+01       0.2%    294.82
      194086       116161    +1.132940e+06    +1.130509e+06        8     73   1.6e+01       0.2%    296.28
      195086       116755    +1.132940e+06    +1.130509e+06       11     67   1.6e+01       0.2%    297.66
      196095       117350    +1.132940e+06    +1.130509e+06       12     48   1.6e+01       0.2%    299.06
      197099       117940    +1.132940e+06    +1.130509e+06       11     74   1.6e+01       0.2%    300.43
      198100       118521    +1.132940e+06    +1.130509e+06       11     65   1.6e+01       0.2%    301.86
      199100       119117    +1.132940e+06    +1.130509e+06       11     58   1.6e+01       0.2%    303.27
      200104       119693    +1.132940e+06    +1.130509e+06       12     52   1.6e+01       0.2%    304.70
      201112       120317    +1.132940e+06    +1.130509e+06        9     81   1.6e+01       0.2%    306.28
      202133       120928    +1.132940e+06    +1.130509e+06       10     76   1.6e+01       0.2%    307.89
      203145       121532    +1.132940e+06    +1.130509e+06       12     61   1.6e+01       0.2%    309.74
      204151       122108    +1.132940e+06    +1.130509e+06       11     73   1.6e+01       0.2%    311.30
      205174       122737    +1.132940e+06    +1.130510e+06        8     85   1.6e+01       0.2%    312.86
      206203       123374    +1.132940e+06    +1.130510e+06       11     58   1.6e+01       0.2%    314.43
      207209       123930    +1.132940e+06    +1.130510e+06       11     69   1.6e+01       0.2%    316.00
      208212       124507    +1.132940e+06    +1.130510e+06       12     57   1.6e+01       0.2%    317.49
      209219       125068    +1.132940e+06    +1.130510e+06       11     67   1.6e+01       0.2%    319.03
      210221       125614    +1.132940e+06    +1.130515e+06       11     73   1.6e+01       0.2%    320.59
      211223       126146    +1.132940e+06    +1.130515e+06       12     65   1.6e+01       0.2%    322.08
      212254       126773    +1.132940e+06    +1.130515e+06       10     73   1.6e+01       0.2%    323.57
      213261       127392    +1.132940e+06    +1.130515e+06       11     63   1.6e+01       0.2%    325.16
      214278       127975    +1.132940e+06    +1.130515e+06       11     69   1.6e+01       0.2%    326.71
      215292       128555    +1.132940e+06    +1.130515e+06        9     83   1.6e+01       0.2%    328.32
      216312       129119    +1.132940e+06    +1.130515e+06       14     55   1.6e+01       0.2%    329.97
      217330       129717    +1.132940e+06    +1.130515e+06        8     91   1.6e+01       0.2%    331.49
      218332       130345    +1.132940e+06    +1.130515e+06        9     75   1.6e+01       0.2%    332.95
      219341       130956    +1.132940e+06    +1.130515e+06       12     60   1.6e+01       0.2%    334.42
      220356       131537    +1.132940e+06    +1.130515e+06       12     51   1.6e+01       0.2%    335.99
      221361       132136    +1.132940e+06    +1.130515e+06       13     53   1.6e+01       0.2%    337.42
      222376       132767    +1.132940e+06    +1.130516e+06       10     64   1.6e+01       0.2%    338.86
      223382       133373    +1.132940e+06    +1.130516e+06       10     61   1.6e+01       0.2%    340.39
      224383       133962    +1.132940e+06    +1.130516e+06        9     71   1.6e+01       0.2%    341.82
      225383       134596    +1.132940e+06    +1.130516e+06       12     60   1.6e+01       0.2%    343.31
      226394       135209    +1.132940e+06    +1.130516e+06        8     84   1.6e+01       0.2%    344.80
      227410       135855    +1.132940e+06    +1.130516e+06       10     70   1.6e+01       0.2%    346.21
      228430       136497    +1.132940e+06    +1.130516e+06       10     64   1.6e+01       0.2%    347.61
      229448       137131    +1.132940e+06    +1.130516e+06        9     76   1.6e+01       0.2%    349.14
      230448       137729    +1.132940e+06    +1.130516e+06        9     79   1.6e+01       0.2%    350.60
      231477       138322    +1.132940e+06    +1.130516e+06       12     71   1.6e+01       0.2%    352.11
      232485       138952    +1.132940e+06    +1.130516e+06       10     64   1.6e+01       0.2%    353.59
      233531       139616    +1.132940e+06    +1.130516e+06       12     60   1.6e+01       0.2%    355.23
      234531       140254    +1.132940e+06    +1.130516e+06        9     79   1.6e+01       0.2%    356.60
      235536       140861    +1.132940e+06    +1.130516e+06       13     60   1.6e+01       0.2%    358.15
      236536       141475    +1.132940e+06    +1.130516e+06       10     70   1.6e+01       0.2%    359.71
      237542       142089    +1.132940e+06    +1.130516e+06        7     93   1.7e+01       0.2%    361.28
      238542       142703    +1.132940e+06    +1.130516e+06       11     66   1.7e+01       0.2%    362.67
      239543       143352    +1.132940e+06    +1.130516e+06        9     73   1.7e+01       0.2%    364.09
      240551       143980    +1.132940e+06    +1.130516e+06       10     76   1.7e+01       0.2%    365.46
      241552       144607    +1.132940e+06    +1.130516e+06       12     66   1.7e+01       0.2%    366.84
      242561       145152    +1.132940e+06    +1.130516e+06       11     52   1.7e+01       0.2%    368.29
      243561       145744    +1.132940e+06    +1.130517e+06       10     75   1.7e+01       0.2%    369.66
      244574       146331    +1.132940e+06    +1.130517e+06       11     60   1.7e+01       0.2%    371.12
      245581       146888    +1.132940e+06    +1.130517e+06       10     77   1.7e+01       0.2%    372.53
      246593       147452    +1.132940e+06    +1.130517e+06       11     78   1.7e+01       0.2%    374.05
      247595       148078    +1.132940e+06    +1.130517e+06       10     66   1.7e+01       0.2%    375.43
      248611       148728    +1.132940e+06    +1.130517e+06       12     58   1.7e+01       0.2%    376.79
      249623       149366    +1.132940e+06    +1.130517e+06       12     57   1.7e+01       0.2%    378.18
      250656       149993    +1.132940e+06    +1.130517e+06       15     49   1.7e+01       0.2%    379.56
      251657       150600    +1.132940e+06    +1.130517e+06       14     60   1.7e+01       0.2%    380.90
      252666       151235    +1.132940e+06    +1.130517e+06       11     55   1.7e+01       0.2%    382.47
      253669       151828    +1.132940e+06    +1.130518e+06       12     63   1.7e+01       0.2%    384.08
      254676       152441    +1.132940e+06    +1.130518e+06        9     79   1.7e+01       0.2%    385.52
      255680       152969    +1.132940e+06    +1.130518e+06       13     58   1.7e+01       0.2%    386.92
      256680       153603    +1.132940e+06    +1.130518e+06       10     79   1.7e+01       0.2%    388.37
      257688       154195    +1.132940e+06    +1.130518e+06        6     94   1.7e+01       0.2%    389.76
      258694       154839    +1.132940e+06    +1.130518e+06        7     84   1.7e+01       0.2%    391.15
      259694       155423    +1.132940e+06    +1.130518e+06        7     92   1.7e+01       0.2%    392.65
      260694       156025    +1.132940e+06    +1.130518e+06       11     70   1.7e+01       0.2%    394.12
      261699       156616    +1.132940e+06    +1.130518e+06       10     81   1.7e+01       0.2%    395.61
      262707       157236    +1.132940e+06    +1.130518e+06        9     76   1.7e+01       0.2%    397.12
      263714       157827    +1.132940e+06    +1.130518e+06       13     49   1.7e+01       0.2%    398.61
      264717       158420    +1.132940e+06    +1.130518e+06       11     68   1.7e+01       0.2%    400.12
      265728       159011    +1.132940e+06    +1.130518e+06       10     83   1.7e+01       0.2%    401.66
      266737       159636    +1.132940e+06    +1.130518e+06       11     77   1.7e+01       0.2%    403.06
      267741       160260    +1.132940e+06    +1.130518e+06       10     80   1.7e+01       0.2%    404.65
      268742       160865    +1.132940e+06    +1.130518e+06       13     56   1.7e+01       0.2%    406.13
      269767       161462    +1.132940e+06    +1.130518e+06        9     71   1.7e+01       0.2%    407.74
      270768       162077    +1.132940e+06    +1.130518e+06        8     90   1.7e+01       0.2%    409.25
      271778       162699    +1.132940e+06    +1.130518e+06       11     59   1.7e+01       0.2%    410.71
      272783       163326    +1.132940e+06    +1.130518e+06       11     66   1.7e+01       0.2%    412.23
      273794       163957    +1.132940e+06    +1.130518e+06       12     81   1.7e+01       0.2%    413.80
      274805       164572    +1.132940e+06    +1.130518e+06       13     56   1.7e+01       0.2%    415.31
      275806       165169    +1.132940e+06    +1.130518e+06        9     71   1.7e+01       0.2%    416.84
      276817       165778    +1.132940e+06    +1.130518e+06       10     76   1.7e+01       0.2%    418.33
      277817       166408    +1.132940e+06    +1.130518e+06       10     72   1.7e+01       0.2%    419.79
      278828       167047    +1.132940e+06    +1.130518e+06       13     76   1.7e+01       0.2%    421.34
      279847       167668    +1.132940e+06    +1.130518e+06       11     80   1.7e+01       0.2%    423.03
      280848       168261    +1.132940e+06    +1.130518e+06        7     86   1.7e+01       0.2%    424.90
      281863       168832    +1.132940e+06    +1.130518e+06       11     73   1.7e+01       0.2%    426.70
      282863       169390    +1.132940e+06    +1.130518e+06       13     56   1.7e+01       0.2%    428.23
      283874       169993    +1.132940e+06    +1.130518e+06       12     68   1.7e+01       0.2%    429.84
      284890       170631    +1.132940e+06    +1.130518e+06       12     60   1.7e+01       0.2%    431.46
      285893       171240    +1.132940e+06    +1.130518e+06       11     70   1.7e+01       0.2%    433.07
      286901       171828    +1.132940e+06    +1.130518e+06       12     54   1.7e+01       0.2%    434.68
      287904       172449    +1.132940e+06    +1.130518e+06        9     74   1.7e+01       0.2%    436.19
      288906       173007    +1.132940e+06    +1.130518e+06       11     62   1.7e+01       0.2%    437.86
      289913       173594    +1.132940e+06    +1.130518e+06        8    100   1.7e+01       0.2%    439.44
      290914       174121    +1.132940e+06    +1.130518e+06       10     77   1.7e+01       0.2%    441.10
      291919       174660    +1.132940e+06    +1.130518e+06       10     83   1.6e+01       0.2%    442.72
      292922       175171    +1.132940e+06    +1.130518e+06        7     92   1.6e+01       0.2%    444.36
      293928       175695    +1.132940e+06    +1.130518e+06       12     53   1.6e+01       0.2%    445.98
      294938       176259    +1.132940e+06    +1.130518e+06       12     71   1.6e+01       0.2%    447.62
      295941       176878    +1.132940e+06    +1.130518e+06        9     70   1.6e+01       0.2%    449.18
      296942       177493    +1.132940e+06    +1.130518e+06        6     81   1.6e+01       0.2%    450.71
      297944       178107    +1.132940e+06    +1.130518e+06       12     52   1.6e+01       0.2%    452.25
      298947       178728    +1.132940e+06    +1.130518e+06       12     51   1.7e+01       0.2%    453.82
      299952       179345    +1.132940e+06    +1.130518e+06       13     59   1.7e+01       0.2%    455.36
      300953       179954    +1.132940e+06    +1.130518e+06       11     68   1.7e+01       0.2%    456.83
      301956       180561    +1.132940e+06    +1.130518e+06        7     86   1.7e+01       0.2%    458.35
      302956       181187    +1.132940e+06    +1.130518e+06       10     74   1.7e+01       0.2%    459.89
      303958       181839    +1.132940e+06    +1.130518e+06        9     80   1.7e+01       0.2%    461.50
      304962       182439    +1.132940e+06    +1.130518e+06       10     71   1.7e+01       0.2%    463.09
      305962       183051    +1.132940e+06    +1.130518e+06       13     52   1.7e+01       0.2%    464.74
      306964       183671    +1.132940e+06    +1.130518e+06        8     89   1.7e+01       0.2%    466.33
      307974       184289    +1.132940e+06    +1.130518e+06       12     58   1.7e+01       0.2%    467.89
      308981       184842    +1.132940e+06    +1.130518e+06       12     52   1.7e+01       0.2%    469.43
      309991       185422    +1.132940e+06    +1.130518e+06       12     47   1.7e+01       0.2%    470.95
      310991       185976    +1.132940e+06    +1.130518e+06        7     93   1.7e+01       0.2%    472.42
      312014       186559    +1.132940e+06    +1.130518e+06        9     84   1.7e+01       0.2%    473.94
      313026       187089    +1.132940e+06    +1.130518e+06       12     55   1.7e+01       0.2%    475.47
      314033       187660    +1.132940e+06    +1.130518e+06       13     57   1.7e+01       0.2%    476.98
      315040       188289    +1.132940e+06    +1.130518e+06        6    100   1.7e+01       0.2%    478.45
      316040       188841    +1.132940e+06    +1.130518e+06       12     76   1.7e+01       0.2%    479.88
      317048       189415    +1.132940e+06    +1.130518e+06       10     72   1.7e+01       0.2%    481.30
      318049       189956    +1.132940e+06    +1.130518e+06       10     84   1.7e+01       0.2%    482.63
      319061       190552    +1.132940e+06    +1.130518e+06       11     69   1.7e+01       0.2%    484.02
      320068       191123    +1.132940e+06    +1.130518e+06       13     59   1.7e+01       0.2%    485.50
      321074       191753    +1.132940e+06    +1.130518e+06       12     74   1.7e+01       0.2%    487.09
      322081       192294    +1.132940e+06    +1.130518e+06       13     55   1.7e+01       0.2%    488.66
      323084       192883    +1.132940e+06    +1.130518e+06        9     98   1.7e+01       0.2%    490.02
      324094       193507    +1.132940e+06    +1.130518e+06        9     88   1.7e+01       0.2%    491.38
      325095       194158    +1.132940e+06    +1.130518e+06       11     85   1.7e+01       0.2%    492.69
      326100       194823    +1.132940e+06    +1.130518e+06       11     66   1.7e+01       0.2%    494.00
      327115       195480    +1.132940e+06    +1.130518e+06       10     84   1.7e+01       0.2%    495.29
      328115       196078    +1.132940e+06    +1.130518e+06       12     55   1.7e+01       0.2%    496.66
      329118       196669    +1.132940e+06    +1.130518e+06       13     57   1.7e+01       0.2%    498.10
      330127       197286    +1.132940e+06    +1.130518e+06        7     81   1.7e+01       0.2%    499.51
      331129       197896    +1.132940e+06    +1.130519e+06       11     73   1.7e+01       0.2%    500.98
      332134       198511    +1.132940e+06    +1.130519e+06       11     81   1.7e+01       0.2%    502.43
      333140       199115    +1.132940e+06    +1.130519e+06       13     68   1.7e+01       0.2%    503.91
      334145       199710    +1.132940e+06    +1.130519e+06       14     57   1.7e+01       0.2%    505.36
      335147       200282    +1.132940e+06    +1.130519e+06       10     87   1.7e+01       0.2%    506.84
      336166       200863    +1.132940e+06    +1.130519e+06       12     62   1.7e+01       0.2%    508.39
      337193       201498    +1.132940e+06    +1.130519e+06       11     56   1.7e+01       0.2%    509.93
      338202       202133    +1.132940e+06    +1.130519e+06       11     70   1.7e+01       0.2%    511.44
      339206       202755    +1.132940e+06    +1.130519e+06       11     59   1.7e+01       0.2%    512.95
      340221       203324    +1.132940e+06    +1.130519e+06       13     58   1.7e+01       0.2%    514.40
      341233       203992    +1.132940e+06    +1.130519e+06       14     58   1.7e+01       0.2%    515.85
      342233       204550    +1.132940e+06    +1.130519e+06       10     64   1.7e+01       0.2%    517.29
      343244       205149    +1.132940e+06    +1.130519e+06        6     96   1.7e+01       0.2%    518.90
      344245       205752    +1.132940e+06    +1.130519e+06        8     89   1.7e+01       0.2%    520.36
      345250       206361    +1.132940e+06    +1.130519e+06       12     69   1.7e+01       0.2%    521.89
      346253       206958    +1.132940e+06    +1.130519e+06       10     87   1.7e+01       0.2%    523.44
      347255       207556    +1.132940e+06    +1.130519e+06        7     95   1.7e+01       0.2%    524.93
      348262       208181    +1.132940e+06    +1.130519e+06       11     68   1.7e+01       0.2%    526.47
      349272       208755    +1.132940e+06    +1.130519e+06       11     81   1.7e+01       0.2%    528.05
      350279       209392    +1.132940e+06    +1.130519e+06       11     71   1.7e+01       0.2%    529.63
      351282       210005    +1.132940e+06    +1.130519e+06       12     55   1.7e+01       0.2%    531.20
      352287       210590    +1.132940e+06    +1.130519e+06        6    104   1.7e+01       0.2%    532.79
      353291       211180    +1.132940e+06    +1.130519e+06       13     56   1.7e+01       0.2%    534.33
      354296       211749    +1.132940e+06    +1.130519e+06       12     51   1.7e+01       0.2%    535.78
      355315       212366    +1.132940e+06    +1.130519e+06       11     67   1.7e+01       0.2%    537.24
      356317       212990    +1.132940e+06    +1.130519e+06        9     71   1.7e+01       0.2%    538.74
      357320       213593    +1.132940e+06    +1.130519e+06       10     82   1.7e+01       0.2%    540.32
      358343       214220    +1.132940e+06    +1.130519e+06       14     57   1.7e+01       0.2%    541.92
      359355       214812    +1.132940e+06    +1.130519e+06       10     73   1.7e+01       0.2%    543.39
      360356       215363    +1.132940e+06    +1.130519e+06       11     81   1.7e+01       0.2%    544.86
      361358       215929    +1.132940e+06    +1.130519e+06       12     63   1.7e+01       0.2%    546.37
      362361       216526    +1.132940e+06    +1.130519e+06        9     82   1.7e+01       0.2%    547.89
      363365       217120    +1.132940e+06    +1.130519e+06       11     50   1.7e+01       0.2%    549.36
      364366       217719    +1.132940e+06    +1.130519e+06        7     87   1.7e+01       0.2%    550.78
      365379       218332    +1.132940e+06    +1.130519e+06       12     54   1.7e+01       0.2%    552.39
      366384       218941    +1.132940e+06    +1.130519e+06        9     81   1.7e+01       0.2%    553.84
      367388       219539    +1.132940e+06    +1.130519e+06       10     61   1.7e+01       0.2%    555.35
      368388       220087    +1.132940e+06    +1.130519e+06       11     57   1.7e+01       0.2%    556.97
      369389       220720    +1.132940e+06    +1.130519e+06       12     65   1.7e+01       0.2%    558.55
      370405       221332    +1.132940e+06    +1.130519e+06       11     50   1.7e+01       0.2%    560.10
      371408       221909    +1.132940e+06    +1.130519e+06       11     52   1.7e+01       0.2%    561.62
      372412       222485    +1.132940e+06    +1.130523e+06       11     57   1.7e+01       0.2%    563.05
      373422       223045    +1.132940e+06    +1.130523e+06       10     64   1.7e+01       0.2%    564.52
      374425       223622    +1.132940e+06    +1.130523e+06        8     89   1.7e+01       0.2%    566.03
      375446       224241    +1.132940e+06    +1.130523e+06       13     49   1.7e+01       0.2%    567.44
      376448       224829    +1.132940e+06    +1.130523e+06       10     69   1.7e+01       0.2%    568.82
      377457       225410    +1.132940e+06    +1.130523e+06       13     54   1.7e+01       0.2%    570.28
      378458       225997    +1.132940e+06    +1.130523e+06       13     57   1.7e+01       0.2%    571.69
      379461       226552    +1.132940e+06    +1.130523e+06        9     82   1.7e+01       0.2%    573.19
      380462       227121    +1.132940e+06    +1.130523e+06       11     68   1.7e+01       0.2%    574.73
      381491       227708    +1.132940e+06    +1.130523e+06       12     54   1.7e+01       0.2%    576.33
      382492       228315    +1.132940e+06    +1.130523e+06       11     64   1.7e+01       0.2%    577.78
      383493       228912    +1.132940e+06    +1.130523e+06        9     90   1.7e+01       0.2%    579.34
      384503       229430    +1.132940e+06    +1.130523e+06        7     74   1.7e+01       0.2%    580.94
      385514       230047    +1.132940e+06    +1.130523e+06       13     56   1.7e+01       0.2%    582.58
      386528       230685    +1.132940e+06    +1.130523e+06       12     56   1.7e+01       0.2%    584.23
      387531       231320    +1.132940e+06    +1.130523e+06       11     77   1.7e+01       0.2%    585.74
      388550       231887    +1.132940e+06    +1.130523e+06       12     55   1.7e+01       0.2%    587.38
      389562       232483    +1.132940e+06    +1.130523e+06       12     54   1.7e+01       0.2%    588.98
      390562       233045    +1.132940e+06    +1.130523e+06       11     70   1.7e+01       0.2%    590.62
      391567       233644    +1.132940e+06    +1.130523e+06       12     55   1.7e+01       0.2%    592.23
      392574       234281    +1.132940e+06    +1.130523e+06       11     72   1.7e+01       0.2%    593.86
      393577       234894    +1.132940e+06    +1.130523e+06       12     58   1.7e+01       0.2%    595.39
      394578       235571    +1.132940e+06    +1.130523e+06       11     79   1.7e+01       0.2%    597.00
      395587       236166    +1.132940e+06    +1.130523e+06       10     75   1.7e+01       0.2%    598.56
      396595       236768    +1.132940e+06    +1.130523e+06       13     60   1.7e+01       0.2%    600.12
      397603       237410    +1.132940e+06    +1.130523e+06       10     83   1.7e+01       0.2%    601.72
      398605       238058    +1.132940e+06    +1.130523e+06       12     74   1.7e+01       0.2%    603.23
      399621       238668    +1.132940e+06    +1.130523e+06       13     75   1.7e+01       0.2%    604.81
      400623       239276    +1.132940e+06    +1.130523e+06       12     74   1.7e+01       0.2%    606.20
      401624       239913    +1.132940e+06    +1.130523e+06       13     74   1.7e+01       0.2%    607.58
      402631       240564    +1.132940e+06    +1.130523e+06       10     74   1.7e+01       0.2%    608.92
      403631       241222    +1.132940e+06    +1.130523e+06       11     88   1.7e+01       0.2%    610.27
      404646       241821    +1.132940e+06    +1.130523e+06       11     65   1.7e+01       0.2%    611.74
      405647       242438    +1.132940e+06    +1.130523e+06       11     54   1.7e+01       0.2%    613.07
      406673       243048    +1.132940e+06    +1.130523e+06       10     66   1.7e+01       0.2%    614.48
      407676       243623    +1.132940e+06    +1.130523e+06        7     74   1.7e+01       0.2%    615.85
      408678       244249    +1.132940e+06    +1.130523e+06       11     62   1.7e+01       0.2%    617.18
      409680       244851    +1.132940e+06    +1.130523e+06       10     70   1.7e+01       0.2%    618.57
      410683       245464    +1.132940e+06    +1.130523e+06       10     78   1.7e+01       0.2%    620.00
      411709       246118    +1.132940e+06    +1.130523e+06       13     65   1.7e+01       0.2%    621.48
      412713       246788    +1.132940e+06    +1.130523e+06        9     72   1.7e+01       0.2%    622.94
      413727       247452    +1.132940e+06    +1.130523e+06        9     74   1.7e+01       0.2%    624.37
      414728       248059    +1.132940e+06    +1.130523e+06        9     80   1.7e+01       0.2%    625.89
      415743       248644    +1.132940e+06    +1.130523e+06       11     77   1.7e+01       0.2%    627.33
      416748       249261    +1.132940e+06    +1.130523e+06       10     69   1.7e+01       0.2%    628.87
      417753       249864    +1.132940e+06    +1.130523e+06       12     56   1.7e+01       0.2%    630.48
      418754       250515    +1.132940e+06    +1.130523e+06        8     92   1.7e+01       0.2%    632.00
      419755       251156    +1.132940e+06    +1.130523e+06       13     53   1.7e+01       0.2%    633.56
      420755       251800    +1.132940e+06    +1.130523e+06       14     44   1.7e+01       0.2%    634.92
      421761       252464    +1.132940e+06    +1.130523e+06       11     60   1.7e+01       0.2%    636.46
      422765       253070    +1.132940e+06    +1.130523e+06       10     55   1.7e+01       0.2%    638.00
      423769       253706    +1.132940e+06    +1.130523e+06       12     52   1.7e+01       0.2%    639.54
      424786       254379    +1.132940e+06    +1.130523e+06       11     72   1.7e+01       0.2%    641.00
      425792       255021    +1.132940e+06    +1.130523e+06       10     74   1.7e+01       0.2%    642.46
      426798       255659    +1.132940e+06    +1.130523e+06       14     63   1.7e+01       0.2%    643.84
      427799       256278    +1.132940e+06    +1.130523e+06       13     51   1.7e+01       0.2%    645.25
      428830       256869    +1.132940e+06    +1.130523e+06       10     74   1.7e+01       0.2%    646.66
      429832       257507    +1.132940e+06    +1.130523e+06        9     88   1.7e+01       0.2%    648.02
      430874       258145    +1.132940e+06    +1.130523e+06       11     62   1.7e+01       0.2%    649.53
      431883       258752    +1.132940e+06    +1.130523e+06       11     60   1.7e+01       0.2%    650.99
      432884       259269    +1.132940e+06    +1.130523e+06       11     49   1.7e+01       0.2%    652.51
      433899       259842    +1.132940e+06    +1.130523e+06       12     56   1.7e+01       0.2%    654.01
      434899       260424    +1.132940e+06    +1.130523e+06        8     75   1.7e+01       0.2%    655.46
      435907       261002    +1.132940e+06    +1.130523e+06       11     68   1.7e+01       0.2%    656.92
      436929       261606    +1.132940e+06    +1.130523e+06       10     60   1.7e+01       0.2%    658.43
      437933       262220    +1.132940e+06    +1.130523e+06        9     82   1.7e+01       0.2%    659.95
      438936       262767    +1.132940e+06    +1.130523e+06       14     65   1.7e+01       0.2%    661.47
      439957       263326    +1.132940e+06    +1.130523e+06       10     67   1.7e+01       0.2%    663.05
      440966       263865    +1.132940e+06    +1.130523e+06       13     59   1.7e+01       0.2%    664.59
      441989       264438    +1.132940e+06    +1.130523e+06       11     67   1.7e+01       0.2%    666.05
      442995       265002    +1.132940e+06    +1.130523e+06       11     69   1.7e+01       0.2%    667.48
      443999       265564    +1.132940e+06    +1.130523e+06       11     70   1.7e+01       0.2%    668.86
      445001       266056    +1.132940e+06    +1.130523e+06       10     79   1.7e+01       0.2%    670.31
      446015       266604    +1.132940e+06    +1.130523e+06       11     51   1.7e+01       0.2%    671.83
      447018       267181    +1.132940e+06    +1.130523e+06       11     52   1.7e+01       0.2%    673.32
      448026       267719    +1.132940e+06    +1.130523e+06       11     53   1.7e+01       0.2%    674.72
      449026       268307    +1.132940e+06    +1.130523e+06        9     72   1.7e+01       0.2%    676.14
      450028       268881    +1.132940e+06    +1.130523e+06        8     85   1.7e+01       0.2%    677.55
      451033       269464    +1.132940e+06    +1.130523e+06       10     73   1.7e+01       0.2%    678.98
      452046       270069    +1.132940e+06    +1.130524e+06       11     76   1.7e+01       0.2%    680.40
      453047       270654    +1.132940e+06    +1.130524e+06       10     73   1.7e+01       0.2%    681.73
      454047       271280    +1.132940e+06    +1.130524e+06       10     56   1.7e+01       0.2%    683.07
      455062       271869    +1.132940e+06    +1.130524e+06       11     61   1.7e+01       0.2%    684.49
      456086       272473    +1.132940e+06    +1.130524e+06        9     68   1.7e+01       0.2%    685.89
      457089       273028    +1.132940e+06    +1.130524e+06       12     60   1.7e+01       0.2%    687.32
      458097       273578    +1.132940e+06    +1.130524e+06        9     89   1.7e+01       0.2%    688.72
      459097       274126    +1.132940e+06    +1.130524e+06       12     71   1.7e+01       0.2%    690.18
      460107       274724    +1.132940e+06    +1.130524e+06       12     68   1.7e+01       0.2%    691.56
      461107       275318    +1.132940e+06    +1.130524e+06       11     57   1.7e+01       0.2%    692.94
      462109       275910    +1.132940e+06    +1.130524e+06        9     73   1.7e+01       0.2%    694.36
      463110       276433    +1.132940e+06    +1.130524e+06        8     95   1.7e+01       0.2%    695.73
      464110       277009    +1.132940e+06    +1.130524e+06       12     58   1.7e+01       0.2%    697.22
      465112       277587    +1.132940e+06    +1.130525e+06       10     75   1.7e+01       0.2%    698.61
      466124       278151    +1.132940e+06    +1.130526e+06        7     78   1.7e+01       0.2%    700.02
      467127       278712    +1.132940e+06    +1.130526e+06       11     79   1.7e+01       0.2%    701.51
      468147       279256    +1.132940e+06    +1.130526e+06       13     59   1.7e+01       0.2%    703.00
      469160       279859    +1.132940e+06    +1.130526e+06       11     72   1.7e+01       0.2%    704.48
      470203       280424    +1.132940e+06    +1.130526e+06       13     58   1.7e+01       0.2%    705.96
      471204       281033    +1.132940e+06    +1.130526e+06       11     62   1.7e+01       0.2%    707.37
      472214       281661    +1.132940e+06    +1.130526e+06       13     57   1.7e+01       0.2%    708.78
      473214       282245    +1.132940e+06    +1.130526e+06       13     55   1.7e+01       0.2%    710.21
      474217       282832    +1.132940e+06    +1.130526e+06        9     86   1.7e+01       0.2%    711.69
      475231       283438    +1.132940e+06    +1.130526e+06        9     79   1.7e+01       0.2%    713.06
      476235       284086    +1.132940e+06    +1.130526e+06       13     58   1.7e+01       0.2%    714.46
      477239       284726    +1.132940e+06    +1.130526e+06       11     77   1.7e+01       0.2%    715.84
      478248       285337    +1.132940e+06    +1.130526e+06       11     80   1.7e+01       0.2%    717.21
      479263       285944    +1.132940e+06    +1.130526e+06       13     60   1.7e+01       0.2%    718.67
      480274       286507    +1.132940e+06    +1.130526e+06       11     65   1.7e+01       0.2%    720.06
      481282       287087    +1.132940e+06    +1.130526e+06        6     94   1.7e+01       0.2%    721.44
      482299       287690    +1.132940e+06    +1.130526e+06        8     83   1.7e+01       0.2%    722.85
      483301       288244    +1.132940e+06    +1.130526e+06        6     96   1.7e+01       0.2%    724.27
      484301       288808    +1.132940e+06    +1.130526e+06       11     81   1.7e+01       0.2%    725.70
      485318       289393    +1.132940e+06    +1.130526e+06       13     59   1.7e+01       0.2%    727.19
      486325       289934    +1.132940e+06    +1.130526e+06       12     54   1.7e+01       0.2%    728.58
      487331       290512    +1.132940e+06    +1.130526e+06        9     79   1.7e+01       0.2%    729.96
      488335       291068    +1.132940e+06    +1.130526e+06       12     72   1.7e+01       0.2%    731.33
      489340       291655    +1.132940e+06    +1.130526e+06       12     58   1.7e+01       0.2%    732.75
      490340       292261    +1.132940e+06    +1.130526e+06       11     58   1.7e+01       0.2%    734.07
      491344       292823    +1.132940e+06    +1.130526e+06       14     65   1.7e+01       0.2%    735.52
      492347       293424    +1.132940e+06    +1.130526e+06        9     82   1.7e+01       0.2%    736.98
      493373       294064    +1.132940e+06    +1.130526e+06       11     83   1.7e+01       0.2%    738.37
      494387       294664    +1.132940e+06    +1.130526e+06       13     58   1.7e+01       0.2%    739.71
      495389       295332    +1.132940e+06    +1.130526e+06        8     92   1.7e+01       0.2%    741.04
      496395       295968    +1.132940e+06    +1.130526e+06       12     58   1.7e+01       0.2%    742.35
      497400       296595    +1.132940e+06    +1.130526e+06       12     73   1.7e+01       0.2%    743.70
      498409       297210    +1.132940e+06    +1.130526e+06       12     50   1.7e+01       0.2%    745.17
      499415       297824    +1.132940e+06    +1.130526e+06       10     62   1.7e+01       0.2%    746.71
      500423       298376    +1.132940e+06    +1.130526e+06       11     63   1.7e+01       0.2%    748.18
      501426       298949    +1.132940e+06    +1.130526e+06       12     60   1.7e+01       0.2%    749.59
      502430       299561    +1.132940e+06    +1.130526e+06        9     81   1.7e+01       0.2%    751.04
      503433       300118    +1.132940e+06    +1.130526e+06       11     72   1.7e+01       0.2%    752.51
      504437       300704    +1.132940e+06    +1.130526e+06       12     60   1.7e+01       0.2%    753.96
      505438       301305    +1.132940e+06    +1.130526e+06       11     55   1.7e+01       0.2%    755.35
      506440       301925    +1.132940e+06    +1.130526e+06       10     68   1.7e+01       0.2%    756.78
      507448       302517    +1.132940e+06    +1.130526e+06       10     75   1.7e+01       0.2%    758.30
      508451       303140    +1.132940e+06    +1.130526e+06       12     67   1.7e+01       0.2%    759.73
      509452       303731    +1.132940e+06    +1.130526e+06       10     74   1.7e+01       0.2%    761.25
      510456       304319    +1.132940e+06    +1.130526e+06        9     80   1.7e+01       0.2%    762.68
      511479       304952    +1.132940e+06    +1.130526e+06       12     69   1.7e+01       0.2%    764.16
      512485       305534    +1.132940e+06    +1.130526e+06       13     70   1.7e+01       0.2%    765.87
      513492       306115    +1.132940e+06    +1.130526e+06       12     63   1.7e+01       0.2%    768.09
      514492       306721    +1.132940e+06    +1.130526e+06       11     67   1.7e+01       0.2%    770.13
      515495       307338    +1.132940e+06    +1.130526e+06        8     85   1.7e+01       0.2%    771.98
      516504       307885    +1.132940e+06    +1.130527e+06       10     80   1.7e+01       0.2%    773.83
      517506       308507    +1.132940e+06    +1.130527e+06        8     91   1.7e+01       0.2%    775.70
      518510       309053    +1.132940e+06    +1.130527e+06       11     72   1.7e+01       0.2%    777.62
      519513       309650    +1.132940e+06    +1.130527e+06        7     93   1.7e+01       0.2%    779.53
      520521       310232    +1.132940e+06    +1.130527e+06        7     93   1.7e+01       0.2%    781.50
      521525       310738    +1.132940e+06    +1.130527e+06       11     75   1.7e+01       0.2%    783.44
      522527       311256    +1.132940e+06    +1.130527e+06       12     61   1.7e+01       0.2%    785.20
      523527       311794    +1.132940e+06    +1.130527e+06        7     93   1.7e+01       0.2%    786.99
      524548       312387    +1.132940e+06    +1.130527e+06       11     75   1.7e+01       0.2%    788.99
      525556       313031    +1.132940e+06    +1.130527e+06        9     82   1.7e+01       0.2%    790.90
      526556       313599    +1.132940e+06    +1.130527e+06        9     69   1.7e+01       0.2%    792.79
      527585       314206    +1.132940e+06    +1.130527e+06       12     67   1.7e+01       0.2%    794.73
      528589       314782    +1.132940e+06    +1.130527e+06        9     80   1.7e+01       0.2%    796.72
      529589       315378    +1.132940e+06    +1.130527e+06        9     80   1.7e+01       0.2%    798.68
      530589       315894    +1.132940e+06    +1.130527e+06        9     96   1.7e+01       0.2%    800.53
      531589       316454    +1.132940e+06    +1.130527e+06        9     95   1.7e+01       0.2%    802.53
      532607       317060    +1.132940e+06    +1.130527e+06       12     69   1.7e+01       0.2%    804.57
      533607       317674    +1.132940e+06    +1.130527e+06       11     67   1.7e+01       0.2%    806.61
      534610       318321    +1.132940e+06    +1.130527e+06        8     85   1.7e+01       0.2%    808.54
      535612       318961    +1.132940e+06    +1.130527e+06       10     71   1.7e+01       0.2%    810.28
      536612       319567    +1.132940e+06    +1.130527e+06       12     59   1.7e+01       0.2%    811.96
      537624       320155    +1.132940e+06    +1.130527e+06       10     76   1.7e+01       0.2%    813.69
      538627       320742    +1.132940e+06    +1.130527e+06       11     70   1.7e+01       0.2%    815.47
      539637       321338    +1.132940e+06    +1.130527e+06        9     86   1.7e+01       0.2%    817.24
      540637       321974    +1.132940e+06    +1.130527e+06       10     62   1.7e+01       0.2%    819.00
      541643       322582    +1.132940e+06    +1.130527e+06       10     61   1.7e+01       0.2%    820.78
      542654       323177    +1.132940e+06    +1.130527e+06       12     59   1.7e+01       0.2%    822.58
      543656       323797    +1.132940e+06    +1.130527e+06       10     79   1.7e+01       0.2%    824.33
      544657       324322    +1.132940e+06    +1.130527e+06       12     62   1.7e+01       0.2%    826.15
      545662       324915    +1.132940e+06    +1.130527e+06        9     84   1.7e+01       0.2%    828.02
      546662       325513    +1.132940e+06    +1.130527e+06       12     60   1.7e+01       0.2%    829.74
      547671       326120    +1.132940e+06    +1.130527e+06       13     55   1.7e+01       0.2%    831.53
      548676       326759    +1.132940e+06    +1.130527e+06       10     83   1.7e+01       0.2%    833.32
      549686       327403    +1.132940e+06    +1.130527e+06       10     86   1.7e+01       0.2%    835.06
      550693       327988    +1.132940e+06    +1.130527e+06       11     76   1.7e+01       0.2%    836.73
      551695       328572    +1.132940e+06    +1.130527e+06       13     56   1.7e+01       0.2%    838.43
      552695       329158    +1.132940e+06    +1.130527e+06        9     78   1.7e+01       0.2%    840.26
      553699       329752    +1.132940e+06    +1.130527e+06       11     79   1.7e+01       0.2%    842.04
      554708       330379    +1.132940e+06    +1.130527e+06        9     73   1.7e+01       0.2%    843.77
      555719       330980    +1.132940e+06    +1.130527e+06       10     71   1.7e+01       0.2%    845.44
      556727       331616    +1.132940e+06    +1.130527e+06       13     58   1.7e+01       0.2%    847.14
      557729       332246    +1.132940e+06    +1.130527e+06        9     93   1.7e+01       0.2%    848.79
      558732       332847    +1.132940e+06    +1.130527e+06        9     71   1.7e+01       0.2%    850.48
Time limit reached. Stopping the solver...
Explored 558905 nodes in 851.77s.
Absolute Gap 2.412658e+03 Objective 1.1329397883696239e+06 Lower Bound 1.1305271304606935e+06
Solution objective: 1132939.788370 , relative_mip_gap 0.002130 solution_bound 1130527.130461 presolve_time 0.878392 total_solve_time 851.769564 max constraint violation 0.000000 max int violation 0.000000 max var bounds violation 0.000000 nodes 558905 simplex_iterations 9528769
{"output": "/workspace/results/experiments/activsg2000-gpu-gap-v5-1e-3-dgx-spark.json", "status": "incomplete_restricted_master_gap_not_certified"}
